"","Proteobacteria","Deferribacteres","Actinobacteria","Firmicutes","Bacteroidetes","Cyanobacteria","Gemmatimonadetes","Planctomycetes","Thermotogae","Deinococcus-Thermus","Chloroflexi","Fusobacteria","Tenericutes","Chlamydiae","Thermodesulfobacteria","Spirochaetes","Chlorobi","Acidobacteria","Verrucomicrobia","Dictyoglomi","Bacteria incertae sedis","Nitrospirae","Elusimicrobia","Aquificae","Synergistetes","Fibrobacteres","Chrysiogenetes","(Unclassified)Bacteria","Balneolaeota","Coprothermobacterota","Kiritimatiellaeota","Candidatus Omnitrophica","Caldiserica","Ignavibacteriae","Armatimonadetes","Calditrichaeota","Atribacterota","Candidatus Cloacimonetes"
"Sample",18946,21,30954,56065,68668,471,42,380,65,269,127,131,130,22,24,377,213,211,2430,5,8,36,8,31,58,29,20,8010,10,1,10,4,1,6,12,6,1,1